2025-01-10 09:00:00 WARNING Retrying failed request
2025-01-10 09:00:03 WARNING Retrying failed request
2025-01-10 09:00:06 INFO Processing request completed
2025-01-10 09:00:09 WARNING Disk usage above 75 percent
2025-01-10 09:00:12 INFO Connecting to database
2025-01-10 09:00:15 INFO Connecting to database
2025-01-10 09:00:18 INFO Application started successfully
2025-01-10 09:00:21 INFO Connecting to database
2025-01-10 09:00:24 INFO User logged in successfully
2025-01-10 09:00:27 INFO Application started successfully
2025-01-10 09:00:30 WARNING Retrying failed request
2025-01-10 09:00:33 INFO Processing request completed
2025-01-10 09:00:36 INFO Database connection established
2025-01-10 09:00:39 INFO Application started successfully
2025-01-10 09:00:42 INFO Cache refreshed successfully
2025-01-10 09:00:45 ERROR Unable to write logs to disk
2025-01-10 09:00:48 WARNING High memory usage detected
2025-01-10 09:00:51 INFO Database connection established
2025-01-10 09:00:54 INFO Connecting to database
2025-01-10 09:00:57 ERROR Unhandled exception occurred
2025-01-10 09:01:00 INFO Cache refreshed successfully
2025-01-10 09:01:03 INFO Processing request completed
2025-01-10 09:01:06 INFO Application started successfully
2025-01-10 09:01:09 INFO Cache refreshed successfully
2025-01-10 09:01:12 INFO User logged in successfully
2025-01-10 09:01:15 INFO User logged in successfully
2025-01-10 09:01:18 INFO Cache refreshed successfully
2025-01-10 09:01:21 ERROR Failed to fetch user data
2025-01-10 09:01:24 WARNING Disk usage above 75 percent
2025-01-10 09:01:27 ERROR Failed to fetch user data
2025-01-10 09:01:30 INFO Database connection established
2025-01-10 09:01:33 INFO User logged in successfully
2025-01-10 09:01:36 INFO User logged in successfully
2025-01-10 09:01:39 ERROR Failed to fetch user data
2025-01-10 09:01:42 INFO Processing request completed
2025-01-10 09:01:45 WARNING Disk usage above 75 percent
2025-01-10 09:01:48 INFO Connecting to database
2025-01-10 09:01:51 INFO Processing request completed
2025-01-10 09:01:54 WARNING API response time is slow
2025-01-10 09:01:57 INFO Application started successfully
2025-01-10 09:02:00 INFO Application started successfully
2025-01-10 09:02:03 INFO User logged in successfully
2025-01-10 09:02:06 INFO Connecting to database
2025-01-10 09:02:09 WARNING Retrying failed request
2025-01-10 09:02:12 INFO Application started successfully
2025-01-10 09:02:15 WARNING Retrying failed request
2025-01-10 09:02:18 INFO Cache refreshed successfully
2025-01-10 09:02:21 ERROR Unable to write logs to disk
2025-01-10 09:02:24 WARNING API response time is slow
2025-01-10 09:02:27 WARNING Disk usage above 75 percent
2025-01-10 09:02:30 INFO Connecting to database
2025-01-10 09:02:33 ERROR Unable to write logs to disk
2025-01-10 09:02:36 ERROR Failed to fetch user data
2025-01-10 09:02:39 INFO Processing request completed
2025-01-10 09:02:42 WARNING High memory usage detected
2025-01-10 09:02:45 WARNING API response time is slow
2025-01-10 09:02:48 INFO Cache refreshed successfully
2025-01-10 09:02:51 INFO Cache refreshed successfully
2025-01-10 09:02:54 INFO Database connection established
2025-01-10 09:02:57 WARNING Disk usage above 75 percent
2025-01-10 09:03:00 INFO Connecting to database
2025-01-10 09:03:03 INFO Connecting to database
2025-01-10 09:03:06 ERROR Unhandled exception occurred
2025-01-10 09:03:09 INFO Database connection established
2025-01-10 09:03:12 ERROR Unhandled exception occurred
2025-01-10 09:03:15 WARNING Disk usage above 75 percent
2025-01-10 09:03:18 ERROR Failed to fetch user data
2025-01-10 09:03:21 INFO Processing request completed
2025-01-10 09:03:24 WARNING Disk usage above 75 percent
2025-01-10 09:03:27 INFO Cache refreshed successfully
2025-01-10 09:03:30 INFO Database connection established
2025-01-10 09:03:33 INFO Database connection established
2025-01-10 09:03:36 INFO Processing request completed
2025-01-10 09:03:39 INFO Database connection established
2025-01-10 09:03:42 INFO Cache refreshed successfully
2025-01-10 09:03:45 WARNING Retrying failed request
2025-01-10 09:03:48 INFO User logged in successfully
2025-01-10 09:03:51 INFO Cache refreshed successfully
2025-01-10 09:03:54 WARNING API response time is slow
2025-01-10 09:03:57 INFO Database connection established
2025-01-10 09:04:00 INFO Processing request completed
2025-01-10 09:04:03 WARNING High memory usage detected
2025-01-10 09:04:06 INFO Database connection established
2025-01-10 09:04:09 ERROR Failed to fetch user data
2025-01-10 09:04:12 WARNING High memory usage detected
2025-01-10 09:04:15 INFO Connecting to database
2025-01-10 09:04:18 INFO Processing request completed
2025-01-10 09:04:21 INFO Database connection established
2025-01-10 09:04:24 WARNING High memory usage detected
2025-01-10 09:04:27 INFO User logged in successfully
2025-01-10 09:04:30 INFO Database connection established
2025-01-10 09:04:33 INFO Processing request completed
2025-01-10 09:04:36 INFO Processing request completed
2025-01-10 09:04:39 WARNING High memory usage detected
2025-01-10 09:04:42 ERROR Unhandled exception occurred
2025-01-10 09:04:45 WARNING Disk usage above 75 percent
2025-01-10 09:04:48 INFO Processing request completed
2025-01-10 09:04:51 WARNING High memory usage detected
2025-01-10 09:04:54 INFO User logged in successfully
2025-01-10 09:04:57 INFO Database connection established
2025-01-10 09:05:00 ERROR Failed to fetch user data
2025-01-10 09:05:03 INFO Database connection established
2025-01-10 09:05:06 WARNING Disk usage above 75 percent
2025-01-10 09:05:09 WARNING API response time is slow
2025-01-10 09:05:12 WARNING High memory usage detected
2025-01-10 09:05:15 INFO Database connection established
2025-01-10 09:05:18 INFO Processing request completed
2025-01-10 09:05:21 INFO Application started successfully
2025-01-10 09:05:24 WARNING Retrying failed request
2025-01-10 09:05:27 INFO Cache refreshed successfully
2025-01-10 09:05:30 INFO Connecting to database
2025-01-10 09:05:33 ERROR Unhandled exception occurred
2025-01-10 09:05:36 INFO Application started successfully
2025-01-10 09:05:39 INFO Cache refreshed successfully
2025-01-10 09:05:42 INFO Application started successfully
2025-01-10 09:05:45 INFO Cache refreshed successfully
2025-01-10 09:05:48 WARNING Disk usage above 75 percent
2025-01-10 09:05:51 WARNING High memory usage detected
2025-01-10 09:05:54 INFO User logged in successfully
2025-01-10 09:05:57 ERROR Unable to write logs to disk
2025-01-10 09:06:00 WARNING API response time is slow
2025-01-10 09:06:03 INFO Processing request completed
2025-01-10 09:06:06 INFO Application started successfully
2025-01-10 09:06:09 INFO User logged in successfully
2025-01-10 09:06:12 WARNING High memory usage detected
2025-01-10 09:06:15 INFO User logged in successfully
2025-01-10 09:06:18 WARNING Disk usage above 75 percent
2025-01-10 09:06:21 INFO Processing request completed
2025-01-10 09:06:24 INFO User logged in successfully
2025-01-10 09:06:27 INFO Cache refreshed successfully
2025-01-10 09:06:30 INFO Application started successfully
2025-01-10 09:06:33 INFO Application started successfully
2025-01-10 09:06:36 WARNING Disk usage above 75 percent
2025-01-10 09:06:39 INFO Connecting to database
2025-01-10 09:06:42 INFO Cache refreshed successfully
2025-01-10 09:06:45 ERROR Failed to fetch user data
2025-01-10 09:06:48 ERROR Unhandled exception occurred
2025-01-10 09:06:51 ERROR Unhandled exception occurred
2025-01-10 09:06:54 WARNING API response time is slow
2025-01-10 09:06:57 INFO User logged in successfully
2025-01-10 09:07:00 INFO Processing request completed
2025-01-10 09:07:03 INFO Processing request completed
2025-01-10 09:07:06 INFO User logged in successfully
2025-01-10 09:07:09 ERROR Unable to write logs to disk
2025-01-10 09:07:12 WARNING API response time is slow
2025-01-10 09:07:15 INFO User logged in successfully
2025-01-10 09:07:18 INFO Cache refreshed successfully
2025-01-10 09:07:21 INFO User logged in successfully
2025-01-10 09:07:24 INFO Application started successfully
2025-01-10 09:07:27 INFO User logged in successfully
2025-01-10 09:07:30 ERROR Database connection timeout occurred
2025-01-10 09:07:33 WARNING API response time is slow
2025-01-10 09:07:36 INFO Application started successfully
2025-01-10 09:07:39 INFO Connecting to database
2025-01-10 09:07:42 WARNING High memory usage detected
2025-01-10 09:07:45 ERROR Unhandled exception occurred
2025-01-10 09:07:48 WARNING Disk usage above 75 percent
2025-01-10 09:07:51 INFO Application started successfully
2025-01-10 09:07:54 INFO Cache refreshed successfully
2025-01-10 09:07:57 INFO Connecting to database
2025-01-10 09:08:00 INFO Application started successfully
2025-01-10 09:08:03 INFO Application started successfully
2025-01-10 09:08:06 INFO User logged in successfully
2025-01-10 09:08:09 INFO Connecting to database
2025-01-10 09:08:12 INFO Processing request completed
2025-01-10 09:08:15 INFO User logged in successfully
2025-01-10 09:08:18 INFO User logged in successfully
2025-01-10 09:08:21 INFO User logged in successfully
2025-01-10 09:08:24 ERROR Failed to fetch user data
2025-01-10 09:08:27 INFO Application started successfully
2025-01-10 09:08:30 INFO Processing request completed
2025-01-10 09:08:33 WARNING High memory usage detected
2025-01-10 09:08:36 WARNING High memory usage detected
2025-01-10 09:08:39 ERROR Failed to fetch user data
2025-01-10 09:08:42 WARNING Disk usage above 75 percent
2025-01-10 09:08:45 INFO Connecting to database
2025-01-10 09:08:48 ERROR Failed to fetch user data
2025-01-10 09:08:51 INFO Connecting to database
2025-01-10 09:08:54 WARNING API response time is slow
2025-01-10 09:08:57 WARNING High memory usage detected
2025-01-10 09:09:00 WARNING High memory usage detected
2025-01-10 09:09:03 INFO Connecting to database
2025-01-10 09:09:06 WARNING Retrying failed request
2025-01-10 09:09:09 WARNING Disk usage above 75 percent
2025-01-10 09:09:12 INFO Database connection established
2025-01-10 09:09:15 ERROR Unhandled exception occurred
2025-01-10 09:09:18 INFO User logged in successfully
2025-01-10 09:09:21 ERROR Failed to fetch user data
2025-01-10 09:09:24 INFO Cache refreshed successfully
2025-01-10 09:09:27 INFO Cache refreshed successfully
2025-01-10 09:09:30 ERROR Unable to write logs to disk
2025-01-10 09:09:33 WARNING Retrying failed request
2025-01-10 09:09:36 INFO User logged in successfully
2025-01-10 09:09:39 WARNING Retrying failed request
2025-01-10 09:09:42 INFO Connecting to database
2025-01-10 09:09:45 WARNING High memory usage detected
2025-01-10 09:09:48 WARNING High memory usage detected
2025-01-10 09:09:51 WARNING Retrying failed request
2025-01-10 09:09:54 ERROR Unhandled exception occurred
2025-01-10 09:09:57 INFO User logged in successfully
2025-01-10 09:10:00 INFO Connecting to database
2025-01-10 09:10:03 INFO Processing request completed
2025-01-10 09:10:06 INFO Connecting to database
2025-01-10 09:10:09 INFO Application started successfully
2025-01-10 09:10:12 INFO Processing request completed
2025-01-10 09:10:15 WARNING Retrying failed request
2025-01-10 09:10:18 WARNING Retrying failed request
2025-01-10 09:10:21 ERROR Database connection timeout occurred
2025-01-10 09:10:24 WARNING API response time is slow
2025-01-10 09:10:27 INFO Processing request completed
2025-01-10 09:10:30 INFO User logged in successfully
2025-01-10 09:10:33 WARNING Retrying failed request
2025-01-10 09:10:36 WARNING Retrying failed request
2025-01-10 09:10:39 INFO Processing request completed
2025-01-10 09:10:42 INFO Processing request completed
2025-01-10 09:10:45 INFO Database connection established
2025-01-10 09:10:48 ERROR Failed to fetch user data
2025-01-10 09:10:51 INFO Database connection established
2025-01-10 09:10:54 INFO Application started successfully
2025-01-10 09:10:57 ERROR Unable to write logs to disk
2025-01-10 09:11:00 ERROR Failed to fetch user data
2025-01-10 09:11:03 INFO Connecting to database
2025-01-10 09:11:06 ERROR Unable to write logs to disk
2025-01-10 09:11:09 INFO Application started successfully
2025-01-10 09:11:12 INFO User logged in successfully
2025-01-10 09:11:15 WARNING Retrying failed request
2025-01-10 09:11:18 INFO User logged in successfully
2025-01-10 09:11:21 INFO Database connection established
2025-01-10 09:11:24 WARNING Disk usage above 75 percent
2025-01-10 09:11:27 WARNING Retrying failed request
2025-01-10 09:11:30 INFO Processing request completed
2025-01-10 09:11:33 WARNING API response time is slow
2025-01-10 09:11:36 WARNING Retrying failed request
2025-01-10 09:11:39 INFO Cache refreshed successfully
2025-01-10 09:11:42 WARNING Retrying failed request
2025-01-10 09:11:45 INFO Processing request completed
2025-01-10 09:11:48 INFO User logged in successfully
2025-01-10 09:11:51 INFO Database connection established
2025-01-10 09:11:54 INFO Cache refreshed successfully
2025-01-10 09:11:57 INFO Database connection established
2025-01-10 09:12:00 INFO User logged in successfully
2025-01-10 09:12:03 INFO Cache refreshed successfully
2025-01-10 09:12:06 WARNING Disk usage above 75 percent
2025-01-10 09:12:09 INFO Cache refreshed successfully
2025-01-10 09:12:12 INFO Processing request completed
2025-01-10 09:12:15 WARNING API response time is slow
2025-01-10 09:12:18 INFO Processing request completed
2025-01-10 09:12:21 INFO Cache refreshed successfully
2025-01-10 09:12:24 INFO User logged in successfully
2025-01-10 09:12:27 ERROR Failed to fetch user data
2025-01-10 09:12:30 WARNING High memory usage detected
2025-01-10 09:12:33 INFO Application started successfully
2025-01-10 09:12:36 INFO Database connection established
2025-01-10 09:12:39 WARNING Disk usage above 75 percent
2025-01-10 09:12:42 WARNING High memory usage detected
2025-01-10 09:12:45 WARNING Disk usage above 75 percent
2025-01-10 09:12:48 INFO Processing request completed
2025-01-10 09:12:51 INFO Cache refreshed successfully
2025-01-10 09:12:54 INFO Application started successfully
2025-01-10 09:12:57 INFO User logged in successfully
2025-01-10 09:13:00 INFO Connecting to database
2025-01-10 09:13:03 WARNING Retrying failed request
2025-01-10 09:13:06 ERROR Unhandled exception occurred
2025-01-10 09:13:09 WARNING Retrying failed request
2025-01-10 09:13:12 WARNING High memory usage detected
2025-01-10 09:13:15 INFO Processing request completed
2025-01-10 09:13:18 INFO User logged in successfully
2025-01-10 09:13:21 WARNING API response time is slow
2025-01-10 09:13:24 INFO User logged in successfully
2025-01-10 09:13:27 INFO Connecting to database
2025-01-10 09:13:30 INFO Connecting to database
2025-01-10 09:13:33 WARNING Disk usage above 75 percent
2025-01-10 09:13:36 ERROR Unhandled exception occurred
2025-01-10 09:13:39 INFO Cache refreshed successfully
2025-01-10 09:13:42 INFO Application started successfully
2025-01-10 09:13:45 ERROR Failed to fetch user data
2025-01-10 09:13:48 WARNING Retrying failed request
2025-01-10 09:13:51 INFO Connecting to database
2025-01-10 09:13:54 INFO Connecting to database
2025-01-10 09:13:57 WARNING Disk usage above 75 percent
2025-01-10 09:14:00 INFO User logged in successfully
2025-01-10 09:14:03 WARNING API response time is slow
2025-01-10 09:14:06 INFO Application started successfully
2025-01-10 09:14:09 INFO Database connection established
2025-01-10 09:14:12 INFO Processing request completed
2025-01-10 09:14:15 ERROR Database connection timeout occurred
2025-01-10 09:14:18 ERROR Unhandled exception occurred
2025-01-10 09:14:21 INFO Connecting to database
2025-01-10 09:14:24 INFO Database connection established
2025-01-10 09:14:27 WARNING Retrying failed request
2025-01-10 09:14:30 INFO Connecting to database
2025-01-10 09:14:33 INFO User logged in successfully
2025-01-10 09:14:36 INFO Database connection established
2025-01-10 09:14:39 INFO Database connection established
2025-01-10 09:14:42 INFO Cache refreshed successfully
2025-01-10 09:14:45 INFO Cache refreshed successfully
2025-01-10 09:14:48 INFO Database connection established
2025-01-10 09:14:51 WARNING High memory usage detected
2025-01-10 09:14:54 WARNING Retrying failed request
2025-01-10 09:14:57 ERROR Database connection timeout occurred